INFO:     Started server process [24164]
INFO:     Waiting for application startup.
INFO:     Application startup complete.
INFO:     Uvicorn running on http://127.0.0.1:5000 (Press CTRL+C to quit)
ERROR:    Exception in ASGI application
Traceback (most recent call last):
  File "C:\Users\palak\OneDrive\Documents\major_project1\backend\venv\Lib\site-packages\sqlalchemy\engine\base.py", line 1969, in _exec_single_context
    self.dialect.do_execute(
    ~~~~~~~~~~~~~~~~~~~~~~~^
        cursor, str_statement, effective_parameters, context
        ^^^^^^^^^^^^^^^^^^^^^^^^^^^^^^^^^^^^^^^^^^^^^^^^^^^^
    )
    ^
  File "C:\Users\palak\OneDrive\Documents\major_project1\backend\venv\Lib\site-packages\sqlalchemy\engine\default.py", line 952, in do_execute
    cursor.execute(statement, parameters)
    ~~~~~~~~~~~~~~^^^^^^^^^^^^^^^^^^^^^^^
  File "C:\Users\palak\OneDrive\Documents\major_project1\backend\venv\Lib\site-packages\sqlalchemy\dialects\sqlite\aiosqlite.py", line 213, in execute
    self._adapt_connection._handle_exception(error)
    ~~~~~~~~~~~~~~~~~~~~~~~~~~~~~~~~~~~~~~~~^^^^^^^
  File "C:\Users\palak\OneDrive\Documents\major_project1\backend\venv\Lib\site-packages\sqlalchemy\dialects\sqlite\aiosqlite.py", line 373, in _handle_exception
    raise error
  File "C:\Users\palak\OneDrive\Documents\major_project1\backend\venv\Lib\site-packages\sqlalchemy\dialects\sqlite\aiosqlite.py", line 195, in execute
    self.await_(_cursor.execute(operation, parameters))
    ~~~~~~~~~~~^^^^^^^^^^^^^^^^^^^^^^^^^^^^^^^^^^^^^^^^
  File "C:\Users\palak\OneDrive\Documents\major_project1\backend\venv\Lib\site-packages\sqlalchemy\util\_concurrency_py3k.py", line 132, in await_only
    return current.parent.switch(awaitable)  # type: ignore[no-any-return,attr-defined] # noqa: E501
           ~~~~~~~~~~~~~~~~~~~~~^^^^^^^^^^^
  File "C:\Users\palak\OneDrive\Documents\major_project1\backend\venv\Lib\site-packages\sqlalchemy\util\_concurrency_py3k.py", line 196, in greenlet_spawn
    value = await result
            ^^^^^^^^^^^^
  File "C:\Users\palak\OneDrive\Documents\major_project1\backend\venv\Lib\site-packages\aiosqlite\cursor.py", line 40, in execute
    await self._execute(self._cursor.execute, sql, parameters)
  File "C:\Users\palak\OneDrive\Documents\major_project1\backend\venv\Lib\site-packages\aiosqlite\cursor.py", line 32, in _execute
    return await self._conn._execute(fn, *args, **kwargs)
           ^^^^^^^^^^^^^^^^^^^^^^^^^^^^^^^^^^^^^^^^^^^^^^
  File "C:\Users\palak\OneDrive\Documents\major_project1\backend\venv\Lib\site-packages\aiosqlite\core.py", line 160, in _execute
    return await future
           ^^^^^^^^^^^^
  File "C:\Users\palak\OneDrive\Documents\major_project1\backend\venv\Lib\site-packages\aiosqlite\core.py", line 63, in _connection_worker_thread
    result = function()
sqlite3.OperationalError: no such column: customers.date_of_birth

The above exception was the direct cause of the following exception:

Traceback (most recent call last):
  File "C:\Users\palak\OneDrive\Documents\major_project1\backend\venv\Lib\site-packages\uvicorn\protocols\http\httptools_impl.py", line 422, in run_asgi
    result = await app(  # type: ignore[func-returns-value]
             ^^^^^^^^^^^^^^^^^^^^^^^^^^^^^^^^^^^^^^^^^^^^^^
        self.scope, self.receive, self.send
        ^^^^^^^^^^^^^^^^^^^^^^^^^^^^^^^^^^^
    )
    ^
  File "C:\Users\palak\OneDrive\Documents\major_project1\backend\venv\Lib\site-packages\uvicorn\middleware\proxy_headers.py", line 63, in __call__
    return await self.app(scope, receive, send)
           ^^^^^^^^^^^^^^^^^^^^^^^^^^^^^^^^^^^^
  File "C:\Users\palak\OneDrive\Documents\major_project1\backend\venv\Lib\site-packages\fastapi\applications.py", line 1054, in __call__
    await super().__call__(scope, receive, send)
  File "C:\Users\palak\OneDrive\Documents\major_project1\backend\venv\Lib\site-packages\starlette\applications.py", line 123, in __call__
    await self.middleware_stack(scope, receive, send)
  File "C:\Users\palak\OneDrive\Documents\major_project1\backend\venv\Lib\site-packages\starlette\middleware\errors.py", line 186, in __call__
    raise exc
  File "C:\Users\palak\OneDrive\Documents\major_project1\backend\venv\Lib\site-packages\starlette\middleware\errors.py", line 164, in __call__
    await self.app(scope, receive, _send)
  File "C:\Users\palak\OneDrive\Documents\major_project1\backend\venv\Lib\site-packages\starlette\middleware\cors.py", line 85, in __call__
    await self.app(scope, receive, send)
  File "C:\Users\palak\OneDrive\Documents\major_project1\backend\venv\Lib\site-packages\starlette\middleware\exceptions.py", line 65, in __call__
    await wrap_app_handling_exceptions(self.app, conn)(scope, receive, send)
  File "C:\Users\palak\OneDrive\Documents\major_project1\backend\venv\Lib\site-packages\starlette\_exception_handler.py", line 64, in wrapped_app
    raise exc
  File "C:\Users\palak\OneDrive\Documents\major_project1\backend\venv\Lib\site-packages\starlette\_exception_handler.py", line 53, in wrapped_app
    await app(scope, receive, sender)
  File "C:\Users\palak\OneDrive\Documents\major_project1\backend\venv\Lib\site-packages\starlette\routing.py", line 756, in __call__
    await self.middleware_stack(scope, receive, send)
  File "C:\Users\palak\OneDrive\Documents\major_project1\backend\venv\Lib\site-packages\starlette\routing.py", line 776, in app
    await route.handle(scope, receive, send)
  File "C:\Users\palak\OneDrive\Documents\major_project1\backend\venv\Lib\site-packages\starlette\routing.py", line 297, in handle
    await self.app(scope, receive, send)
  File "C:\Users\palak\OneDrive\Documents\major_project1\backend\venv\Lib\site-packages\starlette\routing.py", line 77, in app
    await wrap_app_handling_exceptions(app, request)(scope, receive, send)
  File "C:\Users\palak\OneDrive\Documents\major_project1\backend\venv\Lib\site-packages\starlette\_exception_handler.py", line 64, in wrapped_app
    raise exc
  File "C:\Users\palak\OneDrive\Documents\major_project1\backend\venv\Lib\site-packages\starlette\_exception_handler.py", line 53, in wrapped_app
    await app(scope, receive, sender)
  File "C:\Users\palak\OneDrive\Documents\major_project1\backend\venv\Lib\site-packages\starlette\routing.py", line 72, in app
    response = await func(request)
               ^^^^^^^^^^^^^^^^^^^
  File "C:\Users\palak\OneDrive\Documents\major_project1\backend\venv\Lib\site-packages\fastapi\routing.py", line 278, in app
    raw_response = await run_endpoint_function(
                   ^^^^^^^^^^^^^^^^^^^^^^^^^^^^
        dependant=dependant, values=values, is_coroutine=is_coroutine
        ^^^^^^^^^^^^^^^^^^^^^^^^^^^^^^^^^^^^^^^^^^^^^^^^^^^^^^^^^^^^^
    )
    ^
  File "C:\Users\palak\OneDrive\Documents\major_project1\backend\venv\Lib\site-packages\fastapi\routing.py", line 191, in run_endpoint_function
    return await dependant.call(**values)
           ^^^^^^^^^^^^^^^^^^^^^^^^^^^^^^
  File "C:\Users\palak\OneDrive\Documents\major_project1\backend\app\routes\auth.py", line 77, in login
    result = await db.execute(
             ^^^^^^^^^^^^^^^^^
        select(User).where(User.email == credentials.email)
        ^^^^^^^^^^^^^^^^^^^^^^^^^^^^^^^^^^^^^^^^^^^^^^^^^^^
    )
    ^
  File "C:\Users\palak\OneDrive\Documents\major_project1\backend\venv\Lib\site-packages\sqlalchemy\ext\asyncio\session.py", line 448, in execute
    result = await greenlet_spawn(
             ^^^^^^^^^^^^^^^^^^^^^
    ...<6 lines>...
    )
    ^
  File "C:\Users\palak\OneDrive\Documents\major_project1\backend\venv\Lib\site-packages\sqlalchemy\util\_concurrency_py3k.py", line 201, in greenlet_spawn
    result = context.throw(*sys.exc_info())
  File "C:\Users\palak\OneDrive\Documents\major_project1\backend\venv\Lib\site-packages\sqlalchemy\orm\session.py", line 2373, in execute
    return self._execute_internal(
           ~~~~~~~~~~~~~~~~~~~~~~^
        statement,
        ^^^^^^^^^^
    ...<4 lines>...
        _add_event=_add_event,
        ^^^^^^^^^^^^^^^^^^^^^^
    )
    ^
  File "C:\Users\palak\OneDrive\Documents\major_project1\backend\venv\Lib\site-packages\sqlalchemy\orm\session.py", line 2271, in _execute_internal
    result: Result[Any] = compile_state_cls.orm_execute_statement(
                          ~~~~~~~~~~~~~~~~~~~~~~~~~~~~~~~~~~~~~~~^
        self,
        ^^^^^
    ...<4 lines>...
        conn,
        ^^^^^
    )
    ^
  File "C:\Users\palak\OneDrive\Documents\major_project1\backend\venv\Lib\site-packages\sqlalchemy\orm\context.py", line 309, in orm_execute_statement
    return cls.orm_setup_cursor_result(
           ~~~~~~~~~~~~~~~~~~~~~~~~~~~^
        session,
        ^^^^^^^^
    ...<4 lines>...
        result,
        ^^^^^^^
    )
    ^
  File "C:\Users\palak\OneDrive\Documents\major_project1\backend\venv\Lib\site-packages\sqlalchemy\orm\context.py", line 616, in orm_setup_cursor_result
    return loading.instances(result, querycontext)
           ~~~~~~~~~~~~~~~~~^^^^^^^^^^^^^^^^^^^^^^
  File "C:\Users\palak\OneDrive\Documents\major_project1\backend\venv\Lib\site-packages\sqlalchemy\orm\loading.py", line 262, in instances
    _prebuffered = list(chunks(None))
  File "C:\Users\palak\OneDrive\Documents\major_project1\backend\venv\Lib\site-packages\sqlalchemy\orm\loading.py", line 247, in chunks
    post_load.invoke(context, path)
    ~~~~~~~~~~~~~~~~^^^^^^^^^^^^^^^
  File "C:\Users\palak\OneDrive\Documents\major_project1\backend\venv\Lib\site-packages\sqlalchemy\orm\loading.py", line 1564, in invoke
    loader(
    ~~~~~~^
        effective_context, path, states, self.load_keys, *arg, **kw
        ^^^^^^^^^^^^^^^^^^^^^^^^^^^^^^^^^^^^^^^^^^^^^^^^^^^^^^^^^^^
    )
    ^
  File "C:\Users\palak\OneDrive\Documents\major_project1\backend\venv\Lib\site-packages\sqlalchemy\orm\strategies.py", line 3350, in _load_for_path
    self._load_via_parent(
    ~~~~~~~~~~~~~~~~~~~~~^
        our_states, query_info, q, context, execution_options
        ^^^^^^^^^^^^^^^^^^^^^^^^^^^^^^^^^^^^^^^^^^^^^^^^^^^^^
    )
    ^
  File "C:\Users\palak\OneDrive\Documents\major_project1\backend\venv\Lib\site-packages\sqlalchemy\orm\strategies.py", line 3426, in _load_via_parent
    context.session.execute(
    ~~~~~~~~~~~~~~~~~~~~~~~^
        q,
        ^^
        params={"primary_keys": primary_keys},
        ^^^^^^^^^^^^^^^^^^^^^^^^^^^^^^^^^^^^^^
        execution_options=execution_options,
        ^^^^^^^^^^^^^^^^^^^^^^^^^^^^^^^^^^^^
    ).unique(),
    ^
  File "C:\Users\palak\OneDrive\Documents\major_project1\backend\venv\Lib\site-packages\sqlalchemy\orm\session.py", line 2373, in execute
    return self._execute_internal(
           ~~~~~~~~~~~~~~~~~~~~~~^
        statement,
        ^^^^^^^^^^
    ...<4 lines>...
        _add_event=_add_event,
        ^^^^^^^^^^^^^^^^^^^^^^
    )
    ^
  File "C:\Users\palak\OneDrive\Documents\major_project1\backend\venv\Lib\site-packages\sqlalchemy\orm\session.py", line 2271, in _execute_internal
    result: Result[Any] = compile_state_cls.orm_execute_statement(
                          ~~~~~~~~~~~~~~~~~~~~~~~~~~~~~~~~~~~~~~~^
        self,
        ^^^^^
    ...<4 lines>...
        conn,
        ^^^^^
    )
    ^
  File "C:\Users\palak\OneDrive\Documents\major_project1\backend\venv\Lib\site-packages\sqlalchemy\orm\context.py", line 306, in orm_execute_statement
    result = conn.execute(
        statement, params or {}, execution_options=execution_options
    )
  File "C:\Users\palak\OneDrive\Documents\major_project1\backend\venv\Lib\site-packages\sqlalchemy\engine\base.py", line 1421, in execute
    return meth(
        self,
        distilled_parameters,
        execution_options or NO_OPTIONS,
    )
  File "C:\Users\palak\OneDrive\Documents\major_project1\backend\venv\Lib\site-packages\sqlalchemy\sql\elements.py", line 526, in _execute_on_connection
    return connection._execute_clauseelement(
           ~~~~~~~~~~~~~~~~~~~~~~~~~~~~~~~~~^
        self, distilled_params, execution_options
        ^^^^^^^^^^^^^^^^^^^^^^^^^^^^^^^^^^^^^^^^^
    )
    ^
  File "C:\Users\palak\OneDrive\Documents\major_project1\backend\venv\Lib\site-packages\sqlalchemy\engine\base.py", line 1643, in _execute_clauseelement
    ret = self._execute_context(
        dialect,
    ...<8 lines>...
        cache_hit=cache_hit,
    )
  File "C:\Users\palak\OneDrive\Documents\major_project1\backend\venv\Lib\site-packages\sqlalchemy\engine\base.py", line 1848, in _execute_context
    return self._exec_single_context(
           ~~~~~~~~~~~~~~~~~~~~~~~~~^
        dialect, context, statement, parameters
        ^^^^^^^^^^^^^^^^^^^^^^^^^^^^^^^^^^^^^^^
    )
    ^
  File "C:\Users\palak\OneDrive\Documents\major_project1\backend\venv\Lib\site-packages\sqlalchemy\engine\base.py", line 1988, in _exec_single_context
    self._handle_dbapi_exception(
    ~~~~~~~~~~~~~~~~~~~~~~~~~~~~^
        e, str_statement, effective_parameters, cursor, context
        ^^^^^^^^^^^^^^^^^^^^^^^^^^^^^^^^^^^^^^^^^^^^^^^^^^^^^^^
    )
    ^
  File "C:\Users\palak\OneDrive\Documents\major_project1\backend\venv\Lib\site-packages\sqlalchemy\engine\base.py", line 2365, in _handle_dbapi_exception
    raise sqlalchemy_exception.with_traceback(exc_info[2]) from e
  File "C:\Users\palak\OneDrive\Documents\major_project1\backend\venv\Lib\site-packages\sqlalchemy\engine\base.py", line 1969, in _exec_single_context
    self.dialect.do_execute(
    ~~~~~~~~~~~~~~~~~~~~~~~^
        cursor, str_statement, effective_parameters, context
        ^^^^^^^^^^^^^^^^^^^^^^^^^^^^^^^^^^^^^^^^^^^^^^^^^^^^
    )
    ^
  File "C:\Users\palak\OneDrive\Documents\major_project1\backend\venv\Lib\site-packages\sqlalchemy\engine\default.py", line 952, in do_execute
    cursor.execute(statement, parameters)
    ~~~~~~~~~~~~~~^^^^^^^^^^^^^^^^^^^^^^^
  File "C:\Users\palak\OneDrive\Documents\major_project1\backend\venv\Lib\site-packages\sqlalchemy\dialects\sqlite\aiosqlite.py", line 213, in execute
    self._adapt_connection._handle_exception(error)
    ~~~~~~~~~~~~~~~~~~~~~~~~~~~~~~~~~~~~~~~~^^^^^^^
  File "C:\Users\palak\OneDrive\Documents\major_project1\backend\venv\Lib\site-packages\sqlalchemy\dialects\sqlite\aiosqlite.py", line 373, in _handle_exception
    raise error
  File "C:\Users\palak\OneDrive\Documents\major_project1\backend\venv\Lib\site-packages\sqlalchemy\dialects\sqlite\aiosqlite.py", line 195, in execute
    self.await_(_cursor.execute(operation, parameters))
    ~~~~~~~~~~~^^^^^^^^^^^^^^^^^^^^^^^^^^^^^^^^^^^^^^^^
  File "C:\Users\palak\OneDrive\Documents\major_project1\backend\venv\Lib\site-packages\sqlalchemy\util\_concurrency_py3k.py", line 132, in await_only
    return current.parent.switch(awaitable)  # type: ignore[no-any-return,attr-defined] # noqa: E501
           ~~~~~~~~~~~~~~~~~~~~~^^^^^^^^^^^
  File "C:\Users\palak\OneDrive\Documents\major_project1\backend\venv\Lib\site-packages\sqlalchemy\util\_concurrency_py3k.py", line 196, in greenlet_spawn
    value = await result
            ^^^^^^^^^^^^
  File "C:\Users\palak\OneDrive\Documents\major_project1\backend\venv\Lib\site-packages\aiosqlite\cursor.py", line 40, in execute
    await self._execute(self._cursor.execute, sql, parameters)
  File "C:\Users\palak\OneDrive\Documents\major_project1\backend\venv\Lib\site-packages\aiosqlite\cursor.py", line 32, in _execute
    return await self._conn._execute(fn, *args, **kwargs)
           ^^^^^^^^^^^^^^^^^^^^^^^^^^^^^^^^^^^^^^^^^^^^^^
  File "C:\Users\palak\OneDrive\Documents\major_project1\backend\venv\Lib\site-packages\aiosqlite\core.py", line 160, in _execute
    return await future
           ^^^^^^^^^^^^
  File "C:\Users\palak\OneDrive\Documents\major_project1\backend\venv\Lib\site-packages\aiosqlite\core.py", line 63, in _connection_worker_thread
    result = function()
sqlalchemy.exc.OperationalError: (sqlite3.OperationalError) no such column: customers.date_of_birth
[SQL: SELECT customers.created_by AS customers_created_by, customers.id AS customers_id, customers.customer_id AS customers_customer_id, customers.first_name AS customers_first_name, customers.last_name AS customers_last_name, customers.email AS customers_email, customers.phone AS customers_phone, customers.address AS customers_address, customers.city AS customers_city, customers.state AS customers_state, customers.zip_code AS customers_zip_code, customers.country AS customers_country, customers.gender AS customers_gender, customers.age AS customers_age, customers.date_of_birth AS customers_date_of_birth, customers.subscription_type AS customers_subscription_type, customers.tenure_months AS customers_tenure_months, customers.contract_type AS customers_contract_type, customers.monthly_charges AS customers_monthly_charges, customers.total_charges AS customers_total_charges, customers.usage_frequency AS customers_usage_frequency, customers.support_tickets AS customers_support_tickets, customers.complaints AS customers_complaints, customers.payment_delay_days AS customers_payment_delay_days, customers.segment AS customers_segment, customers.churn_probability AS customers_churn_probability, customers.risk_level AS customers_risk_level, customers.clv_score AS customers_clv_score, customers.last_predicted_churn AS customers_last_predicted_churn, customers.status AS customers_status, customers.churned AS customers_churned, customers.churn_date AS customers_churn_date, customers.acquired_date AS customers_acquired_date, customers.last_purchase_date AS customers_last_purchase_date, customers.created_at AS customers_created_at, customers.updated_at AS customers_updated_at 
FROM customers 
WHERE customers.created_by IN (?)]
[parameters: (1,)]
(Background on this error at: https://sqlalche.me/e/20/e3q8)
ERROR:    Exception in ASGI application
Traceback (most recent call last):
  File "C:\Users\palak\OneDrive\Documents\major_project1\backend\venv\Lib\site-packages\sqlalchemy\engine\base.py", line 1969, in _exec_single_context
    self.dialect.do_execute(
    ~~~~~~~~~~~~~~~~~~~~~~~^
        cursor, str_statement, effective_parameters, context
        ^^^^^^^^^^^^^^^^^^^^^^^^^^^^^^^^^^^^^^^^^^^^^^^^^^^^
    )
    ^
  File "C:\Users\palak\OneDrive\Documents\major_project1\backend\venv\Lib\site-packages\sqlalchemy\engine\default.py", line 952, in do_execute
    cursor.execute(statement, parameters)
    ~~~~~~~~~~~~~~^^^^^^^^^^^^^^^^^^^^^^^
  File "C:\Users\palak\OneDrive\Documents\major_project1\backend\venv\Lib\site-packages\sqlalchemy\dialects\sqlite\aiosqlite.py", line 213, in execute
    self._adapt_connection._handle_exception(error)
    ~~~~~~~~~~~~~~~~~~~~~~~~~~~~~~~~~~~~~~~~^^^^^^^
  File "C:\Users\palak\OneDrive\Documents\major_project1\backend\venv\Lib\site-packages\sqlalchemy\dialects\sqlite\aiosqlite.py", line 373, in _handle_exception
    raise error
  File "C:\Users\palak\OneDrive\Documents\major_project1\backend\venv\Lib\site-packages\sqlalchemy\dialects\sqlite\aiosqlite.py", line 195, in execute
    self.await_(_cursor.execute(operation, parameters))
    ~~~~~~~~~~~^^^^^^^^^^^^^^^^^^^^^^^^^^^^^^^^^^^^^^^^
  File "C:\Users\palak\OneDrive\Documents\major_project1\backend\venv\Lib\site-packages\sqlalchemy\util\_concurrency_py3k.py", line 132, in await_only
    return current.parent.switch(awaitable)  # type: ignore[no-any-return,attr-defined] # noqa: E501
           ~~~~~~~~~~~~~~~~~~~~~^^^^^^^^^^^
  File "C:\Users\palak\OneDrive\Documents\major_project1\backend\venv\Lib\site-packages\sqlalchemy\util\_concurrency_py3k.py", line 196, in greenlet_spawn
    value = await result
            ^^^^^^^^^^^^
  File "C:\Users\palak\OneDrive\Documents\major_project1\backend\venv\Lib\site-packages\aiosqlite\cursor.py", line 40, in execute
    await self._execute(self._cursor.execute, sql, parameters)
  File "C:\Users\palak\OneDrive\Documents\major_project1\backend\venv\Lib\site-packages\aiosqlite\cursor.py", line 32, in _execute
    return await self._conn._execute(fn, *args, **kwargs)
           ^^^^^^^^^^^^^^^^^^^^^^^^^^^^^^^^^^^^^^^^^^^^^^
  File "C:\Users\palak\OneDrive\Documents\major_project1\backend\venv\Lib\site-packages\aiosqlite\core.py", line 160, in _execute
    return await future
           ^^^^^^^^^^^^
  File "C:\Users\palak\OneDrive\Documents\major_project1\backend\venv\Lib\site-packages\aiosqlite\core.py", line 63, in _connection_worker_thread
    result = function()
sqlite3.OperationalError: no such column: customers.date_of_birth

The above exception was the direct cause of the following exception:

Traceback (most recent call last):
  File "C:\Users\palak\OneDrive\Documents\major_project1\backend\venv\Lib\site-packages\uvicorn\protocols\http\httptools_impl.py", line 422, in run_asgi
    result = await app(  # type: ignore[func-returns-value]
             ^^^^^^^^^^^^^^^^^^^^^^^^^^^^^^^^^^^^^^^^^^^^^^
        self.scope, self.receive, self.send
        ^^^^^^^^^^^^^^^^^^^^^^^^^^^^^^^^^^^
    )
    ^
  File "C:\Users\palak\OneDrive\Documents\major_project1\backend\venv\Lib\site-packages\uvicorn\middleware\proxy_headers.py", line 63, in __call__
    return await self.app(scope, receive, send)
           ^^^^^^^^^^^^^^^^^^^^^^^^^^^^^^^^^^^^
  File "C:\Users\palak\OneDrive\Documents\major_project1\backend\venv\Lib\site-packages\fastapi\applications.py", line 1054, in __call__
    await super().__call__(scope, receive, send)
  File "C:\Users\palak\OneDrive\Documents\major_project1\backend\venv\Lib\site-packages\starlette\applications.py", line 123, in __call__
    await self.middleware_stack(scope, receive, send)
  File "C:\Users\palak\OneDrive\Documents\major_project1\backend\venv\Lib\site-packages\starlette\middleware\errors.py", line 186, in __call__
    raise exc
  File "C:\Users\palak\OneDrive\Documents\major_project1\backend\venv\Lib\site-packages\starlette\middleware\errors.py", line 164, in __call__
    await self.app(scope, receive, _send)
  File "C:\Users\palak\OneDrive\Documents\major_project1\backend\venv\Lib\site-packages\starlette\middleware\cors.py", line 85, in __call__
    await self.app(scope, receive, send)
  File "C:\Users\palak\OneDrive\Documents\major_project1\backend\venv\Lib\site-packages\starlette\middleware\exceptions.py", line 65, in __call__
    await wrap_app_handling_exceptions(self.app, conn)(scope, receive, send)
  File "C:\Users\palak\OneDrive\Documents\major_project1\backend\venv\Lib\site-packages\starlette\_exception_handler.py", line 64, in wrapped_app
    raise exc
  File "C:\Users\palak\OneDrive\Documents\major_project1\backend\venv\Lib\site-packages\starlette\_exception_handler.py", line 53, in wrapped_app
    await app(scope, receive, sender)
  File "C:\Users\palak\OneDrive\Documents\major_project1\backend\venv\Lib\site-packages\starlette\routing.py", line 756, in __call__
    await self.middleware_stack(scope, receive, send)
  File "C:\Users\palak\OneDrive\Documents\major_project1\backend\venv\Lib\site-packages\starlette\routing.py", line 776, in app
    await route.handle(scope, receive, send)
  File "C:\Users\palak\OneDrive\Documents\major_project1\backend\venv\Lib\site-packages\starlette\routing.py", line 297, in handle
    await self.app(scope, receive, send)
  File "C:\Users\palak\OneDrive\Documents\major_project1\backend\venv\Lib\site-packages\starlette\routing.py", line 77, in app
    await wrap_app_handling_exceptions(app, request)(scope, receive, send)
  File "C:\Users\palak\OneDrive\Documents\major_project1\backend\venv\Lib\site-packages\starlette\_exception_handler.py", line 64, in wrapped_app
    raise exc
  File "C:\Users\palak\OneDrive\Documents\major_project1\backend\venv\Lib\site-packages\starlette\_exception_handler.py", line 53, in wrapped_app
    await app(scope, receive, sender)
  File "C:\Users\palak\OneDrive\Documents\major_project1\backend\venv\Lib\site-packages\starlette\routing.py", line 72, in app
    response = await func(request)
               ^^^^^^^^^^^^^^^^^^^
  File "C:\Users\palak\OneDrive\Documents\major_project1\backend\venv\Lib\site-packages\fastapi\routing.py", line 278, in app
    raw_response = await run_endpoint_function(
                   ^^^^^^^^^^^^^^^^^^^^^^^^^^^^
        dependant=dependant, values=values, is_coroutine=is_coroutine
        ^^^^^^^^^^^^^^^^^^^^^^^^^^^^^^^^^^^^^^^^^^^^^^^^^^^^^^^^^^^^^
    )
    ^
  File "C:\Users\palak\OneDrive\Documents\major_project1\backend\venv\Lib\site-packages\fastapi\routing.py", line 191, in run_endpoint_function
    return await dependant.call(**values)
           ^^^^^^^^^^^^^^^^^^^^^^^^^^^^^^
  File "C:\Users\palak\OneDrive\Documents\major_project1\backend\app\routes\auth.py", line 77, in login
    result = await db.execute(
             ^^^^^^^^^^^^^^^^^
        select(User).where(User.email == credentials.email)
        ^^^^^^^^^^^^^^^^^^^^^^^^^^^^^^^^^^^^^^^^^^^^^^^^^^^
    )
    ^
  File "C:\Users\palak\OneDrive\Documents\major_project1\backend\venv\Lib\site-packages\sqlalchemy\ext\asyncio\session.py", line 448, in execute
    result = await greenlet_spawn(
             ^^^^^^^^^^^^^^^^^^^^^
    ...<6 lines>...
    )
    ^
  File "C:\Users\palak\OneDrive\Documents\major_project1\backend\venv\Lib\site-packages\sqlalchemy\util\_concurrency_py3k.py", line 201, in greenlet_spawn
    result = context.throw(*sys.exc_info())
  File "C:\Users\palak\OneDrive\Documents\major_project1\backend\venv\Lib\site-packages\sqlalchemy\orm\session.py", line 2373, in execute
    return self._execute_internal(
           ~~~~~~~~~~~~~~~~~~~~~~^
        statement,
        ^^^^^^^^^^
    ...<4 lines>...
        _add_event=_add_event,
        ^^^^^^^^^^^^^^^^^^^^^^
    )
    ^
  File "C:\Users\palak\OneDrive\Documents\major_project1\backend\venv\Lib\site-packages\sqlalchemy\orm\session.py", line 2271, in _execute_internal
    result: Result[Any] = compile_state_cls.orm_execute_statement(
                          ~~~~~~~~~~~~~~~~~~~~~~~~~~~~~~~~~~~~~~~^
        self,
        ^^^^^
    ...<4 lines>...
        conn,
        ^^^^^
    )
    ^
  File "C:\Users\palak\OneDrive\Documents\major_project1\backend\venv\Lib\site-packages\sqlalchemy\orm\context.py", line 309, in orm_execute_statement
    return cls.orm_setup_cursor_result(
           ~~~~~~~~~~~~~~~~~~~~~~~~~~~^
        session,
        ^^^^^^^^
    ...<4 lines>...
        result,
        ^^^^^^^
    )
    ^
  File "C:\Users\palak\OneDrive\Documents\major_project1\backend\venv\Lib\site-packages\sqlalchemy\orm\context.py", line 616, in orm_setup_cursor_result
    return loading.instances(result, querycontext)
           ~~~~~~~~~~~~~~~~~^^^^^^^^^^^^^^^^^^^^^^
  File "C:\Users\palak\OneDrive\Documents\major_project1\backend\venv\Lib\site-packages\sqlalchemy\orm\loading.py", line 262, in instances
    _prebuffered = list(chunks(None))
  File "C:\Users\palak\OneDrive\Documents\major_project1\backend\venv\Lib\site-packages\sqlalchemy\orm\loading.py", line 247, in chunks
    post_load.invoke(context, path)
    ~~~~~~~~~~~~~~~~^^^^^^^^^^^^^^^
  File "C:\Users\palak\OneDrive\Documents\major_project1\backend\venv\Lib\site-packages\sqlalchemy\orm\loading.py", line 1564, in invoke
    loader(
    ~~~~~~^
        effective_context, path, states, self.load_keys, *arg, **kw
        ^^^^^^^^^^^^^^^^^^^^^^^^^^^^^^^^^^^^^^^^^^^^^^^^^^^^^^^^^^^
    )
    ^
  File "C:\Users\palak\OneDrive\Documents\major_project1\backend\venv\Lib\site-packages\sqlalchemy\orm\strategies.py", line 3350, in _load_for_path
    self._load_via_parent(
    ~~~~~~~~~~~~~~~~~~~~~^
        our_states, query_info, q, context, execution_options
        ^^^^^^^^^^^^^^^^^^^^^^^^^^^^^^^^^^^^^^^^^^^^^^^^^^^^^
    )
    ^
  File "C:\Users\palak\OneDrive\Documents\major_project1\backend\venv\Lib\site-packages\sqlalchemy\orm\strategies.py", line 3426, in _load_via_parent
    context.session.execute(
    ~~~~~~~~~~~~~~~~~~~~~~~^
        q,
        ^^
        params={"primary_keys": primary_keys},
        ^^^^^^^^^^^^^^^^^^^^^^^^^^^^^^^^^^^^^^
        execution_options=execution_options,
        ^^^^^^^^^^^^^^^^^^^^^^^^^^^^^^^^^^^^
    ).unique(),
    ^
  File "C:\Users\palak\OneDrive\Documents\major_project1\backend\venv\Lib\site-packages\sqlalchemy\orm\session.py", line 2373, in execute
    return self._execute_internal(
           ~~~~~~~~~~~~~~~~~~~~~~^
        statement,
        ^^^^^^^^^^
    ...<4 lines>...
        _add_event=_add_event,
        ^^^^^^^^^^^^^^^^^^^^^^
    )
    ^
  File "C:\Users\palak\OneDrive\Documents\major_project1\backend\venv\Lib\site-packages\sqlalchemy\orm\session.py", line 2271, in _execute_internal
    result: Result[Any] = compile_state_cls.orm_execute_statement(
                          ~~~~~~~~~~~~~~~~~~~~~~~~~~~~~~~~~~~~~~~^
        self,
        ^^^^^
    ...<4 lines>...
        conn,
        ^^^^^
    )
    ^
  File "C:\Users\palak\OneDrive\Documents\major_project1\backend\venv\Lib\site-packages\sqlalchemy\orm\context.py", line 306, in orm_execute_statement
    result = conn.execute(
        statement, params or {}, execution_options=execution_options
    )
  File "C:\Users\palak\OneDrive\Documents\major_project1\backend\venv\Lib\site-packages\sqlalchemy\engine\base.py", line 1421, in execute
    return meth(
        self,
        distilled_parameters,
        execution_options or NO_OPTIONS,
    )
  File "C:\Users\palak\OneDrive\Documents\major_project1\backend\venv\Lib\site-packages\sqlalchemy\sql\elements.py", line 526, in _execute_on_connection
    return connection._execute_clauseelement(
           ~~~~~~~~~~~~~~~~~~~~~~~~~~~~~~~~~^
        self, distilled_params, execution_options
        ^^^^^^^^^^^^^^^^^^^^^^^^^^^^^^^^^^^^^^^^^
    )
    ^
  File "C:\Users\palak\OneDrive\Documents\major_project1\backend\venv\Lib\site-packages\sqlalchemy\engine\base.py", line 1643, in _execute_clauseelement
    ret = self._execute_context(
        dialect,
    ...<8 lines>...
        cache_hit=cache_hit,
    )
  File "C:\Users\palak\OneDrive\Documents\major_project1\backend\venv\Lib\site-packages\sqlalchemy\engine\base.py", line 1848, in _execute_context
    return self._exec_single_context(
           ~~~~~~~~~~~~~~~~~~~~~~~~~^
        dialect, context, statement, parameters
        ^^^^^^^^^^^^^^^^^^^^^^^^^^^^^^^^^^^^^^^
    )
    ^
  File "C:\Users\palak\OneDrive\Documents\major_project1\backend\venv\Lib\site-packages\sqlalchemy\engine\base.py", line 1988, in _exec_single_context
    self._handle_dbapi_exception(
    ~~~~~~~~~~~~~~~~~~~~~~~~~~~~^
        e, str_statement, effective_parameters, cursor, context
        ^^^^^^^^^^^^^^^^^^^^^^^^^^^^^^^^^^^^^^^^^^^^^^^^^^^^^^^
    )
    ^
  File "C:\Users\palak\OneDrive\Documents\major_project1\backend\venv\Lib\site-packages\sqlalchemy\engine\base.py", line 2365, in _handle_dbapi_exception
    raise sqlalchemy_exception.with_traceback(exc_info[2]) from e
  File "C:\Users\palak\OneDrive\Documents\major_project1\backend\venv\Lib\site-packages\sqlalchemy\engine\base.py", line 1969, in _exec_single_context
    self.dialect.do_execute(
    ~~~~~~~~~~~~~~~~~~~~~~~^
        cursor, str_statement, effective_parameters, context
        ^^^^^^^^^^^^^^^^^^^^^^^^^^^^^^^^^^^^^^^^^^^^^^^^^^^^
    )
    ^
  File "C:\Users\palak\OneDrive\Documents\major_project1\backend\venv\Lib\site-packages\sqlalchemy\engine\default.py", line 952, in do_execute
    cursor.execute(statement, parameters)
    ~~~~~~~~~~~~~~^^^^^^^^^^^^^^^^^^^^^^^
  File "C:\Users\palak\OneDrive\Documents\major_project1\backend\venv\Lib\site-packages\sqlalchemy\dialects\sqlite\aiosqlite.py", line 213, in execute
    self._adapt_connection._handle_exception(error)
    ~~~~~~~~~~~~~~~~~~~~~~~~~~~~~~~~~~~~~~~~^^^^^^^
  File "C:\Users\palak\OneDrive\Documents\major_project1\backend\venv\Lib\site-packages\sqlalchemy\dialects\sqlite\aiosqlite.py", line 373, in _handle_exception
    raise error
  File "C:\Users\palak\OneDrive\Documents\major_project1\backend\venv\Lib\site-packages\sqlalchemy\dialects\sqlite\aiosqlite.py", line 195, in execute
    self.await_(_cursor.execute(operation, parameters))
    ~~~~~~~~~~~^^^^^^^^^^^^^^^^^^^^^^^^^^^^^^^^^^^^^^^^
  File "C:\Users\palak\OneDrive\Documents\major_project1\backend\venv\Lib\site-packages\sqlalchemy\util\_concurrency_py3k.py", line 132, in await_only
    return current.parent.switch(awaitable)  # type: ignore[no-any-return,attr-defined] # noqa: E501
           ~~~~~~~~~~~~~~~~~~~~~^^^^^^^^^^^
  File "C:\Users\palak\OneDrive\Documents\major_project1\backend\venv\Lib\site-packages\sqlalchemy\util\_concurrency_py3k.py", line 196, in greenlet_spawn
    value = await result
            ^^^^^^^^^^^^
  File "C:\Users\palak\OneDrive\Documents\major_project1\backend\venv\Lib\site-packages\aiosqlite\cursor.py", line 40, in execute
    await self._execute(self._cursor.execute, sql, parameters)
  File "C:\Users\palak\OneDrive\Documents\major_project1\backend\venv\Lib\site-packages\aiosqlite\cursor.py", line 32, in _execute
    return await self._conn._execute(fn, *args, **kwargs)
           ^^^^^^^^^^^^^^^^^^^^^^^^^^^^^^^^^^^^^^^^^^^^^^
  File "C:\Users\palak\OneDrive\Documents\major_project1\backend\venv\Lib\site-packages\aiosqlite\core.py", line 160, in _execute
    return await future
           ^^^^^^^^^^^^
  File "C:\Users\palak\OneDrive\Documents\major_project1\backend\venv\Lib\site-packages\aiosqlite\core.py", line 63, in _connection_worker_thread
    result = function()
sqlalchemy.exc.OperationalError: (sqlite3.OperationalError) no such column: customers.date_of_birth
[SQL: SELECT customers.created_by AS customers_created_by, customers.id AS customers_id, customers.customer_id AS customers_customer_id, customers.first_name AS customers_first_name, customers.last_name AS customers_last_name, customers.email AS customers_email, customers.phone AS customers_phone, customers.address AS customers_address, customers.city AS customers_city, customers.state AS customers_state, customers.zip_code AS customers_zip_code, customers.country AS customers_country, customers.gender AS customers_gender, customers.age AS customers_age, customers.date_of_birth AS customers_date_of_birth, customers.subscription_type AS customers_subscription_type, customers.tenure_months AS customers_tenure_months, customers.contract_type AS customers_contract_type, customers.monthly_charges AS customers_monthly_charges, customers.total_charges AS customers_total_charges, customers.usage_frequency AS customers_usage_frequency, customers.support_tickets AS customers_support_tickets, customers.complaints AS customers_complaints, customers.payment_delay_days AS customers_payment_delay_days, customers.segment AS customers_segment, customers.churn_probability AS customers_churn_probability, customers.risk_level AS customers_risk_level, customers.clv_score AS customers_clv_score, customers.last_predicted_churn AS customers_last_predicted_churn, customers.status AS customers_status, customers.churned AS customers_churned, customers.churn_date AS customers_churn_date, customers.acquired_date AS customers_acquired_date, customers.last_purchase_date AS customers_last_purchase_date, customers.created_at AS customers_created_at, customers.updated_at AS customers_updated_at 
FROM customers 
WHERE customers.created_by IN (?)]
[parameters: (1,)]
(Background on this error at: https://sqlalche.me/e/20/e3q8)
